107
65
##......................................................................................................###
##......................................................................................................###
##......................................................................................................###
##......................................................................................................###
##......................................................................................................###
##......................................................................................................###
##......................................................................................................###
##......+*..+*..................................+-----------*...................................+*......###
##......##..##.....+------------*...............#############..........................<-->.....##->....###
##......##..##.....#............#...............................................................##......###
##.......................................+*..........................+----*.....................##......###
##.......................................##..........................######..._.............<>.......<--###
##.......................................##.................+*..........................................###
##-------------------*.........+---------##.................##..................<--->...................###
######################.........############................<##>..........................+--------------###
##..................##...................##........<>.......##........<>.................##################
##..................##...................##->...............##....................<------>..............###
##....<-------------##...................##.............<---##--->......................................###
##.......................................##.................##..........................................###
##....................+---------*......+-##-*.....+--*......##......+--*....+----*......................###
##....................###########......######.....####*.....##.....+####....######......................###
##.........<---->.....###########.....+##..##*......###.....##.....###.....+##..##*.....................###
##.........................###........###..###.......##*....##....+##......###..###.....................###
##.........................###.......+##....##*......###....##....###.....+##....##*....................###
##.....................-...###.......###....###.......##*...##...+##......###....###....<->.............###
##.....<----->........<#>..###......+##......##*......###...##...###.....+###----###*...................###
##.....................#...###......###------###.......##*..##..+##......###......###.............<-----###
##-*.............+-*...#...###.....+##........##*......###..##..###.....+##........##*..................###
####.............###.......###.....###........###.......##..##..##......###...+*...###..................###
####.............###.......###....+##..........##*......##..##..##.....+##...<##>...##*.................###
####.............###.......###....###...+--*...###.......#--##--#......###..........###.................###
####.............###-------###..+-##....####....##--*....########...+--##............##----*.........<--###
####.............#############..####....####....#####.....######....#####............#######...-->......###
####--*..........#############..##.................##..........................................##.......###
##..............................##.................##..........................................##.......###
##..............................##.................##--->.....................<-------->.......##...<---###
##..............................##.................##..........................................##..........
##........<--->.................##..+----->........##.......<->....+----*......................##..........
##..............................##..####.....<-----##..............######......................##.......P..
##...................._.........##.................##..............##..........+---------------##----------
##---*..........................##.................##--------------##..........############################
##...#---->......_..............##*................##################..........##.......................###
##............................<-###............................................##.......................###
##.........................................<--->...............................##.......................###
##........<->............<->................................................<--##.......................###
##...............+---*.........................................+--*............##....<---->.............###
##...............#####.........................................####->..........##.......................###
##..............<#..##.........................................................##...........<--->.......###
##..................##......+*.................+-----------*............+------##.......................###
##..................##......##.................#############.........<--#########.......................###
##.......<-->.......##......##.................##.......................................................###
##..................##......##-----------*.....##....................................+--------------*...###
##..................##......##############.....##....................................################...###
##..................##..........##.......#-*...##..................................................##...###
##------*...........##..........##.............##.................+----*.....+---*.................##...###
#########...........##..........##.............##*................######.....#####.................##...###
##..................##.....+----##.............###................##...............................##...###
##............<-----##.....#....##.........+---###........+-------##...............................##...###
##..................##....<#....##........<#...###.......<#.......##...............................##...###
##..................##..........##.............###................##...............................##...###
##..................##..........##.............###................##...............................##...###
##..................##..........##.............###................##...............................##...###
##------------------##----------##-------------###----------------##-------------------------------##---###
###########################################################################################################
###########################################################################################################
save
2
62
13
7
IceSummon
IceSummon
IceSummon
IceSummon
Concentration 2 I I
Concentration 2 I I
Concentration 2 I D
43
30
10
DoubleJump
SkyUppercut
SkyUppercut
SkyUppercut
IceSummon
IceSummon
DoubleJump
DoubleJump
IceSummon
Concentration 4 I G S D
end
