107
65
##......................................................................................................###
##......................................................................................................###
##......................................................................................................###
##......................................................................................................###
##......................................................................................................###
##......................................................................................................###
##......................................................................................................###
##......##..##..................................#############...................................##......###
##......##..##.....##############...............#############..........................####.....####....###
##......##..##.....#............#...............................................................##......###
##.......................................##..........................######.....................##......###
##.......................................##..........................######.................##.......######
##.......................................##.............................................................###
######################.........############.................##..........................................###
######################.........############................####..........................##################
##..................#############........##.................##....................#########################
##..................#############........####...............##....................########..............###
##.......................................##.............##########......................................###
##.......................................##.................##..........................................###
##....................###########......######.....####......##......####....######......................###
##....................###########......######.....#####.....##.....#####....######......................###
##....................###########.....###..###......###.....##.....###.....###..###.....................###
##.........................###........###..###.......###....##....###......###..###.....................###
##.........................###.......###....###......###....##....###.....###....###....................###
##.....................#...###.......###....###.......###...##...###......###....###....###.............###
##.....#######........###..###......###......###......###...##...###.....############...................###
##.....................#...###......############.......###..##..###......###......###.............#########
####.............###...#...###.....###........###......###..##..###.....###........###..................###
####.............###.......###.....###........###.......##..##..##......###...##...###..................###
####.............###.......###....###..........###......##..##..##.....###...####...###.................###
####.............###.......###....###...####...###.......########......###..........###.................###
####.............#############..####....####....#####....########...#####............#######.........######
####.............#############..####....####....#####.....######....#####............#######...###......###
#######..........#############..##.................##..........................................##.......###
##..............................##.................##..........................................##.......###
##..............................##.................######.....................##########.......##...#######
##..............................##...######........##..........................................##..........
##........#####.................##..##.............##.......###....######......................##..........
##..............................##..##.......########..............######......................##.......P..
##..............................##.................##..............##..........############################
######..........................##.................##################..........############################
##...######.....................###................##################..........##.......................###
##............................#####............................................##.......................###
##.........................................#####...............................##.......................###
##........###............###................................................#####.......................###
##...............#####.........................................####............##.......................###
##...............#####.........................................######..........##.......................###
##..............##..##.........................................................##.......................###
##..................##......##.................#############............#########.......................###
##..................##......##.................#############.........############.......................###
##.......####.......##......##.................##.......................................................###
##..................##......##############.....##....................................################...###
##..................##..........##########.....##....................................################...###
##..................##..........##.......###...##..................................................##...###
#########...........##..........##.............##.................######.....#####.................##...###
#########...........##..........##.............###................######.....#####.................##...###
##..................##.....#######.............###................##...............................##...###
##............########.....#....##.........#######........##########...............................##...###
##..................##....##....##........##....##.......##.......##...............................##...###
##..................##..........##..............##................##...............................##...###
##..................##..........##..............##................##...............................##...###
##..................##..........##..............##................##...............................##...###
###########################################################################################################
###########################################################################################################
###########################################################################################################
save
2
62
13
7
IceSummon
IceSummon
IceSummon
IceSummon
Concentration 2 I I
Concentration 2 I I
Concentration 2 I D
43
30
9
DoubleJump
SkyUppercut
IceSummon
DoubleJump
IceSummon
Concentration 4 I G S D

