88
60
###...................................................................................##
###...................................................................................##
###...........#######...........####..................................................##
#...........###########...........##..........###.....................................##
#.................................##..........##...........................#######....##
#.................................##..........##......................................##
###........................#######################....................................##
###.....................##############################................................##
###.......................................................###.........................##
###..............................................................................#######
###.........................##########........................#####...................##
###..............................########.............................................##
###..........................................................................###########
#.............####.....................##################..............#################
#.............##......................................................................##
#.......###...........................................................................##
###.....................................####..........................................##
###............#############..................................######..................##
###......................................................................#####........##
###...............................................#####.....................##........##
###.............................#####.......................................##........##
###.............................#####.......................................##........##
###...............................###.....................#####.............############
###...............................###.....................##..........................##
#############..............#################..............##..........................##
#############.....................##########..............##..........................##
###.......###......................##.....................##..........................##
###.......###......................##..................######################.........##
###.......###########################......#####################...........##.........##
###.......######################################################...........##.........##
###.......######################################################.......#########......##
###....................................................................###............##
###.....................................................................##............##
......................##................................................##............##
..................######..............................................................##
X..................##.............####......###.......................................##
###................##.............##........##....####................................##
###................##.............##........##....##..................................##
###................##........##########.....##....##..................................##
###................##........##..........#####....##............................########
###................##........##.............##....##....................................
######.............##........##.....###.....##....##....................................
###................##........##.............##....##................................P...
###...............#####......##.............##....##...................#################
##############....#####......##.............##....##...................#################
###.........#############################################.............................##
###....................................................##.............................##
###....................................................##.............................##
###....................................................##########################.....##
###....................##..................##.........................................##
###....................##..................##.........................................##
###....................##..................##.........................................##
###....................##..................##.........................................##
##########.....#########################################################################
##########.....#########################################################################
########################################################################################
########################################################################################
########################################################################################
########################################################################################
########################################################################################
not save
2
84
39
5
SkyUppercut
DoubleJump
IceSummon
IceSummon
Concentration 3 I D S
13
55
6
DoubleJump
SkyUppercut
IceSummon
DoubleJump
IceSummon
Concentration 3 I G S
final
