84
67
##................................................................................##
##................................................................................##
##................................................................................##
##-------*.........+----*.........................................................##
##########.........######.........................................................##
##########.........######.......................+-*..................+---*........##
##..............................................###..................###..........##
##...............................................##..................###..........##
##..................................+-------*....##..................###..........##
##.............+-*..................#########....##..................###..........##
##.............###..................##...........##----*.............###..........##
##.......................+-*........##...........#######.............###..........##
##.......................###........##...........####................###-------*..##
##.......................###........##.............##................###########..##
##.......................###........##.............##................###..........##
##.......................###...+----##.............##................###..........##
##........+-*.........+--###...#######.............##................###..........##
##........###.........######...#######.............##...+------*.....###..........##
##.......................###...#######.............##...########.....###......+---##
##.......................###...#######.............##................###......######
##....+-*..........<->...###...#######.............##................###......######
##....###................###---#######-------------##................###...........X
##.......................############################................###...........X
##.......................###.........................................###...........X
##.............+-*.......###.........................................###...........X
##.............###.......###.........................................###...........X
##.......................###.........................................###...........X
##----*..................###-----------------------------------------###------------
#######..................###########################################################
#######............................#################################################
#######.....................................########################################
#######--------------------*................########################################
############################................########################################
############################..................................................######
############################-----*............................................######
##.......................#########............................................######
##.......................#########.............................................#####
##.......................#########...........................+*................#####
##.......................###.................................##.................####
##.......................###.................................##-*...............####
##.................+*....###---------------*.............+---####...............####
##...............<-##....###################.............########.................##
##.................##.....................##.............########--*..............##
##.................##.....................##....................####..............##
##.....<------->..........................##*.....................................##
##........................................###.........................+---*.......##
##........................................###.........................#####.......##
##---------*..........................#######--*..................................##
############..........................##########................................+-##
##.....................................................+--*.....................####
##........................+-*..........................####.....................####
##........................###............................##-*...................####
##........................###............................####.................+-####
##........................###.................................................######
##---*....................###.................................................######
######........+-*.........###.................................................######
######........###.........###....................................+---*.....+--######
..........................###--*.................................#####.....#########
..........................######...........................................#########
..........................######-------*...................................#########
............+*............##############................................+--#########
............####*.........##############................................############
............#####.........##########.....................+---*..........############
..........+######.........##########.....................#####..........############
P.........#######---------##########--------*............#####..........############
----------####################################################----------############
####################################################################################
4
5
65
2
"SkyUppercut"
"IceSummon"
28
50
3
"DoubleJump"
"DoubleJump"
"GlacialDrift"
27
31
3
"DoubleJump"
"GlacialDrift"
"IceSummon"
42
8
4
"SkyUppercut"
"GlacialDrift"
"IceSummon"
"DoubleJump"
map9to12

