84
70
##................................................................................##
##................................................................................##
##................................................................................##
##-------*.........+----*.........................................................##
##########.........######.........................................................##
##########.........######.......................+-*..................+--->........##
##..............................................###..................###..........##
##...............................................##..................###..........##
##..................................+-------*....##..................###..........##
##.............+-*..................#########....##..................###..........##
##.............###..................##...........##----*.............###..........##
##.......................+-*........##...........#######.............###..........##
##.......................###........##...........####................###-------*..##
##.......................###........##.............##................###########..##
##.......................###........##.............##................###..........##
##.......................###...+----##.............##................###..........##
##........+-*.........+--###...#######.............##................###..........##
##........###.........######...#######.............##...+------*.....###..........##
##.......................###...#######.............##...########.....###......+---##
##.......................###...#######.............##................###......######
##....+-*..........<->...###...#######.............##................###......######
##....###................###---#######-------------##................###...........X
##.......................############################................###...........X
##.......................###.........................................###...........X
##.............+-*.......###.........................................###...........X
##.............###.......###.........................................###...........X
##.......................###.........................................###...........X
##----*..................###-----------------------------------------###------------
#######..................###########################################################
#######............................#################################################
#######.....................................########################################
#######--------------------*................########################################
############################................########################################
############################..................................................######
############################-----*............................................######
##.......................#########............................................######
##.......................#########.............................................#####
##.......................#########...........................+*................#####
##.......................###.................................##.................####
##.......................###.................................##-*...............####
##.......................###---------------*.............+---####...............####
##...............<--*....###################.............########.................##
##.................##.....................##.............########--*..............##
##.................##.....................##....................####..............##
##.....<------->..........................##*.....................................##
##........................................###.........................+---*.......##
##......................<---*.............###.........................#####.......##
##---------*..............###.........#######--*..................................##
############..............###.........##########................................+-##
##........................###..........................+--*.....................####
##........................###..........................####.....................####
##........................###............................##-*...................####
##........................###............................####.................+-####
##........................###.................................................######
##---*....................###.................................................######
######........+-*.........###.................................................######
######........###.........###....................................+---*.....+--######
..........................###--*.................................#####.....#########
..........................######...........................................#########
..........................######-------*...................................#########
............+*............##############................................+--#########
............##--*.........##############................................############
............#####.........##########.....................+---*..........############
..........+-#####.........##########.....................#####..........############
P.........#######---------##########--------*............#####..........############
----------###################################------------#####----------############
####################################################################################
####################################################################################
####################################################################################
####################################################################################
4
5
65
5
IceSummon
IceSummon
SkyUppercut
DoubleJump
DoubleJump
28
50
5
DoubleJump
DoubleJump
GlacialDrift
GlacialDrift
SkyUpperCut
27
31
5
DoubleJump
GlacialDrift
IceSummon
SkyUppercut
Concentration 1 DoubleJump
42
8
5
SkyUppercut
GlacialDrift
IceSummon
DoubleJump
IceSummon
map9to12
