150
75
..................................................##.......................................................####.....................................##
..................................................##.......................................................####.....................................##
..................................................##.......................................................####...###...............................##
..................................................##.......................................................####...###...............................##
..................................................##......................####.............................####...###......###......................##
##..######........................................##......................####.............................####...###......###......................##
##..######........................................##........................##.............................####...###...............................##
##......##........................................##...##########...........##.............................####...###...............................##
##......##........................................##...##########...........##...................................................###................##
##......##........................................##...........##...........##...................................................###................##
##......###########.............############...................##...........##...................................................###................##
##......###########.............############...................##...........##..............................................########................##
#######..........##.............##.............................##...........##..............................................########................##
##...............##.............##.............................##...........##.............................................................###......##
##....#############.............##.............................##...........##..####.......######################..........................###......##
##...............##.............##............#########........##...........##....##.......####################.......................###...........##
##...............##.............##............#########..########...........##....##.......................####.......................###...........##
##...............##.............##................##...........##...........##....##.......................####................................###..##
#########........##.............##................##...........##...........##....##.......................####................................###..##
##...............##.............##................##...........##...........##....##.......................####.....................................##
##...............##.............##................##...........##...........##....##.......................####..................###................##
##....#############.............##................##...........##...........##....##.......................####.....................................##
##...............##.............##................##...........##...........##....##.......................####..............###....................##
###############..#################................##...........###############....##.......................####..........................#############
.................###################################...........###############....##.......................####..........................#############
..................................................##..............#..##.....##....###########...###############.....................................##
#####.............................................##..............#..##.....##....###########...###############........####.........................##
#####........####################.......############..............#..##.....##....##.......##..............####........####.........................##
####.........##.........................##........##..............#..##...........##.......##..............####.....................................##
####.........##.........................##........##..............#..##...........##.......##..............####...............##....................##
####.........##.........................##........##......###.....#..##...........##.......##..............####...............##.............##.....##
####.........##.........................##........###########.....#..##...........##.......##..............####.............####.............##.....##
####.........#########..................##........##..............##################.......##..............####..............................##.....##
####.........#########....###.........####........##..............##################.......####....############..............................##.....##
####.........##...........###.........####........##..............................##.......####....####################################...#####.....##
####.........##...................................##.......................................................############################...#####.....##
####.........##...................................##.......................................................####.....................................##
####..............................................##.......................................................####.....................................##
####..............................................#############################################################.................................######
###############################################################################################################.................................######
...........................................................................................................####.................................######
...........................................................................................................####....................................###
...........................................................................................................####...........####.....................###
...........................................................................................................####...........####...............####..###
...........................................................................................................####..............................####..###
...........................................................................................................####..............................####..###
...........................................................................................................####........##......##..................###
...........................................................................................................####.......####....####.................###
...........................................................................................................####......................#######.......###
...........................................................................................................####......................#######.......###
...........................................................................................................##########..............................###
...........................................................................................................##########......###.....................###
...........................................................................................................##########......###.....................###
...................................................................................................................................................###
...................................................................................................................................................###
...................................................................................................................................................###
...................................................................................................................................................###
...................................................................................................................................................###
............................................................................................................................#######................###
............................................................................................................P...............#######................###
...........................................................................................................####.............###....................###
...........................................................................................................####.............###....................###
...........................................................................................................####.............###....................###
...........................................................................................................####.............###....................###
...........................................................................................................####.............########...............###
...........................................................................................................####.............########...............###
...........................................................................................................####..###........########..#########....###
...........................................................................................................####..###........########..#########....###
...........................................................................................................####.............########...............###
...........................................................................................................####.............########...............###
...........................................................................................................####.............########...............###
...........................................................................................................####.............########...............###
...........................................................................................................####.............##########################
...........................................................................................................###########################################
...........................................................................................................###########################################
4
110
49
3
SkyUppercut
DoubleJump
Concentration 1 G
133
34
5
DoubleJump
SkyUppercut
DoubleJump
IceSummon
Concentration 3 I G S
99
14
4
DoubleJump
GlacialDrift
Concentration 3 I S
SkyUppercut
51
15
4
SkyUppercut
GlacialDrift
IceSummon
DoubleJump
map13to14

