150
20
......................................................................................................................................................
......................................................................................................................................................
......................................................................................................................................................
......................................................................................................................................................
......................................................................................................................................................
......................................................................................................................................................
..............................................................................................................................................+-------
...........................................................................................o..................................................########
..................................................................................+-----------*...............................................########
..................................................................................#############..........................o.............*------########
.......................................................................................#####....................+------------*.........###############
.............................................+--*......................................#####....................##############.........###############
.............................................####......................................#####..........................########...................#####
.............................................####-----*................................#####..........................########...................#####
........+----*...............................##########................................#####..........................########*..................#####
........######.................o.............##########......o.........................#####..........................#########..................#####
P.......######-------------------------------##########--------------------------------#####-------------*............#########..................#####
--------##################################################################################################............#########------------------#####
######################################################################################################################################################
######################################################################################################################################################